samples/invalid-01.js
  2:1  error  'a' is not defined  no-undef
  2:6  error  Extra semicolon     semi

âœ– 2 problems (2 errors, 0 warnings)
